   Compiling my_openclaw v0.2.2 (D:\MVP\openclaw-secure-installer\desktop\src-tauri)
warning: hard linking files in the incremental compilation cache failed. copying files instead. consider moving the cache directory to a file system which supports hard linking in session dir `\\?\D:\MVP\openclaw-secure-installer\desktop\src-tauri\target\debug\incremental\my_openclaw-3tiogga0rkfif\s-hgwmw4gcx0-0xrx0h6-working`

warning: function `is_safe_path` is never used
  --> src\patch.rs:98:8
   |
98 | pub fn is_safe_path(root: &Path, target: &Path) -> bool {
   |        ^^^^^^^^^^^^
   |
   = note: `#[warn(dead_code)]` (part of `#[warn(unused)]`) on by default

warning: function `check_health` is never used
  --> src\db.rs:32:14
   |
32 | pub async fn check_health(pool: &PgPool) -> bool {
   |              ^^^^^^^^^^^^

warning: method `get` is never used
   --> src\repositories\artifacts_repository.rs:113:18
    |
 25 | impl ArtifactsRepository {
    | ------------------------ method in this implementation
...
113 |     pub async fn get(&self, artifact_id: Uuid) -> Result<Artifact, String> {
    |                  ^^^

warning: field `pool` is never read
 --> src\services\resume_service.rs:6:5
  |
5 | pub struct ResumeService {
  |            ------------- field in this struct
6 |     pool: PgPool,
  |     ^^^^

warning: methods `create_resume_snapshot` and `get_latest_resume_snapshot` are never used
  --> src\services\resume_service.rs:14:18
   |
 9 | impl ResumeService {
   | ------------------ methods in this implementation
...
14 |     pub async fn create_resume_snapshot(
   |                  ^^^^^^^^^^^^^^^^^^^^^^
...
25 |     pub async fn get_latest_resume_snapshot(&self, mission_id: Uuid) -> Result<ResumeSnapshot, String> {
   |                  ^^^^^^^^^^^^^^^^^^^^^^^^^^

warning: method `record_ledger_entry` is never used
  --> src\services\records_service.rs:40:18
   |
11 | impl RecordsService {
   | ------------------- method in this implementation
...
40 |     pub async fn record_ledger_entry(
   |                  ^^^^^^^^^^^^^^^^^^^

warning: field `resume_service` is never read
  --> src\mission_coordinator.rs:21:5
   |
16 | pub struct MissionCoordinator {
   |            ------------------ field in this struct
...
21 |     resume_service: ResumeService,
   |     ^^^^^^^^^^^^^^

warning: `my_openclaw` (bin "my_openclaw" test) generated 8 warnings
    Finished `test` profile [unoptimized + debuginfo] target(s) in 21.84s
     Running unittests src\main.rs (desktop\src-tauri\target\debug\deps\my_openclaw-dc92f0732f577515.exe)

running 63 tests
test agents::tests::test_agent_entry_deserialization_backwards_compat ... ok
test agents::tests::test_network_toggle_state ... ok
test agents::tests::test_container_name_deterministic ... ok
test agents::tests::test_parse_memory_mb_bytes ... ok
test agents::tests::test_parse_memory_mb_gib ... ok
test agents::tests::test_agent_entry_serialization ... ok
test chat::tests::test_chat_message_serialization ... ok
test agents::tests::test_quarantine_state_transition ... ok
test chat::tests::test_chat_response_with_usage ... ok
test agents::tests::test_parse_memory_mb_mib ... ok
test chat::tests::test_ollama_response_with_error ... ok
test chat::tests::test_ollama_response_parsing ... ok
test gateway::tests::test_build_remediation_node_not_found ... ok
test gateway::tests::test_compose_forwards_gateway_auth_env_vars ... ok
test gateway::tests::test_build_remediation_exit_127_without_log_text ... ok
test chat::tests::test_chat_request_deserialization ... ok
test gateway::tests::test_build_remediation_generic_error ... ok
test gateway::tests::test_build_remediation_module_not_found ... ok
test gateway::tests::test_extract_exit_code_from_inspect ... ok
test gateway::tests::test_build_console_url_always_uses_loopback_host ... ok
test chat::tests::test_openai_response_parsing ... ok
test gateway::tests::test_build_remediation_pull_access_denied ... ok
test agents::tests::test_short_id ... ok
test gateway::tests::test_compose_has_container_port_env ... ok
test gateway::tests::test_compose_maps_host_to_container_8080 ... ok
test gateway::tests::test_console_base_path_sanitization_prevents_host_injection ... ok
test agents::tests::test_parse_memory_mb_kib ... ok
test gateway::tests::test_empty_capabilities_is_safe_structure ... ok
test agents::tests::test_unquarantine_state_transition ... ok
test gateway::tests::test_build_console_bootstrap_url_stays_localhost_and_sanitizes_next_path ... ok
test gateway::tests::test_build_console_url_uses_configured_port_and_base_path ... ok
test gateway::tests::test_gateway_error_serialization ... ok
test gateway::tests::test_failed_result_is_not_active ... ok
test gateway::tests::test_generate_compose_uses_local_dev_image ... ok
test gateway::tests::test_is_healthy_exited_is_false ... ok
test gateway::tests::test_gateway_status_result_struct ... ok
test gateway::tests::test_generate_compose_uses_custom_image ... ok
test gateway::tests::test_gateway_result_status_values ... ok
test agents::tests::test_container_name_format ... ok
test gateway::tests::test_is_healthy_restarting_status_is_false ... ok
test gateway::tests::test_is_node_not_found ... ok
test gateway::tests::test_is_module_not_found ... ok
test gateway::tests::test_is_healthy_running_stable ... ok
test gateway::tests::test_is_pull_access_error_detects_patterns ... ok
test gateway::tests::test_is_healthy_restarting_is_false ... ok
test gateway::tests::test_normalize_base_path_handles_empty_string ... ok
test gateway::tests::test_sanitize_output_handles_multiple_lines ... ok
test gateway::tests::test_sanitize_output_redacts_bearer_tokens ... ok
test gateway::tests::test_sanitize_output_redacts_api_keys ... ok
test gateway::tests::test_should_try_pull_fallback ... ok
test state_manager::tests::test_allow_internet_backwards_compat ... ok
test state_manager::tests::test_allow_internet_defaults_false ... ok
test state_manager::tests::test_default_state_values ... ok
test state_manager::tests::test_expose_gateway_to_lan_backwards_compat ... ok
test gateway::tests::test_start_gateway_missing_compose_result_is_structured ... ok
test state_manager::tests::test_port_migration_legacy_defaults ... ok
test state_manager::tests::test_port_migration_advanced_keeps_privileged ... ok
test state_manager::tests::test_state_backwards_compat_missing_image ... ok
test state_manager::tests::test_state_serialization ... ok
test gateway::tests::test_read_http_port_defaults_to_8080 ... ok
test gateway::tests::test_read_http_port_parses_env ... ok
test agents::tests::test_agent_inspect_not_found_status ... ok
test tests::test_mission_lifecycle_truth_sequence ... FAILED

failures:

---- tests::test_mission_lifecycle_truth_sequence stdout ----
[test-db] Attempting connection to standard OpenClaw PG: postgresql://openclaw@127.0.0.1:18789/postgres
[test-db] No PG found on standard port or environment. Attempting to start embedded PG...
Selected dynamic port: 57131
Starting PostgreSQL on port 57131...

thread 'tests::test_mission_lifecycle_truth_sequence' (6980) panicked at src\tests.rs:56:35:
Failed to start embedded PG: "Failed to start postgres: Le chemin d’accès spécifié est introuvable. (os error 3)"
note: run with `RUST_BACKTRACE=1` environment variable to display a backtrace


failures:
    tests::test_mission_lifecycle_truth_sequence

test result: FAILED. 62 passed; 1 failed; 0 ignored; 0 measured; 0 filtered out; finished in 1.52s

error: test failed, to rerun pass `--bin my_openclaw`
